stm32f1xx_ll_gpio.h:436:22:LL_GPIO_SetPinSpeed.constprop	8	static
stm32f1xx_ll_gpio.h:358:22:LL_GPIO_SetPinMode.constprop	0	static
stm32f1xx_ll_bus.h:779:22:LL_APB2_GRP1_EnableClock.constprop	8	static
stm32f1xx_ll_bus.h:463:22:LL_APB1_GRP1_EnableClock.constprop	8	static
stm32f1xx_ll_tim.h:1845:22:LL_TIM_OC_EnablePreload.constprop	0	static
stm32f1xx_ll_tim.h:1610:22:LL_TIM_OC_SetMode.constprop	8	static
init.c:10:6:Configure_TIMPWMOutput_int	72	static
init.c:113:6:Configure_TIMPWMOutput_4ch	32	static
init.c:224:7:Configure_DMA	8	static
init.c:259:6:Configure_TIM_PWM_DMA	16	static
